\BOOKMARK [0][-]{chapter*.2}{\376\377\000L\000i\000s\000t\000\040\000o\000f\000\040\000A\000c\000r\000o\000n\000y\000m\000s\000\040\000a\000n\000d\000\040\000G\000l\000o\000s\000s\000a\000r\000y}{}% 1
\BOOKMARK [0][-]{chapter.1}{\376\377\000I\000n\000t\000r\000o\000d\000u\000c\000t\000i\000o\000n}{}% 2
\BOOKMARK [1][-]{section.1.1}{\376\377\000C\000o\000n\000t\000e\000x\000t\000\040\000a\000n\000d\000\040\000m\000o\000t\000i\000v\000a\000t\000i\000o\000n}{chapter.1}% 3
\BOOKMARK [1][-]{section.1.2}{\376\377\000P\000r\000o\000b\000l\000e\000m\000\040\000s\000t\000a\000t\000e\000m\000e\000n\000t}{chapter.1}% 4
\BOOKMARK [1][-]{section.1.3}{\376\377\000O\000b\000j\000e\000c\000t\000i\000v\000e\000s\000\040\000a\000n\000d\000\040\000s\000c\000o\000p\000e}{chapter.1}% 5
\BOOKMARK [1][-]{section.1.4}{\376\377\000P\000r\000o\000p\000o\000s\000e\000d\000\040\000a\000p\000p\000r\000o\000a\000c\000h}{chapter.1}% 6
\BOOKMARK [1][-]{section.1.5}{\376\377\000C\000o\000n\000t\000r\000i\000b\000u\000t\000i\000o\000n\000s}{chapter.1}% 7
\BOOKMARK [1][-]{section.1.6}{\376\377\000R\000e\000s\000u\000l\000t\000s\000\040\000p\000r\000e\000v\000i\000e\000w}{chapter.1}% 8
\BOOKMARK [1][-]{section.1.7}{\376\377\000T\000h\000e\000s\000i\000s\000\040\000r\000o\000a\000d\000m\000a\000p}{chapter.1}% 9
\BOOKMARK [0][-]{chapter.2}{\376\377\000R\000e\000l\000a\000t\000e\000d\000\040\000W\000o\000r\000k\000s\000\040\000a\000n\000d\000\040\000B\000a\000c\000k\000g\000r\000o\000u\000n\000d}{}% 10
\BOOKMARK [1][-]{section.2.1}{\376\377\000A\000g\000e\000n\000t\000i\000c\000\040\000s\000y\000s\000t\000e\000m\000s\000\040\000a\000n\000d\000\040\000t\000o\000o\000l\000-\000u\000s\000e}{chapter.2}% 11
\BOOKMARK [2][-]{subsection.2.1.1}{\376\377\000F\000r\000o\000m\000\040\000l\000a\000n\000g\000u\000a\000g\000e\000\040\000m\000o\000d\000e\000l\000s\000\040\000t\000o\000\040\000a\000g\000e\000n\000t\000s}{section.2.1}% 12
\BOOKMARK [2][-]{subsection.2.1.2}{\376\377\000A\000g\000e\000n\000t\000\040\000r\000e\000a\000s\000o\000n\000i\000n\000g\000\040\000p\000a\000t\000t\000e\000r\000n\000s}{section.2.1}% 13
\BOOKMARK [2][-]{subsection.2.1.3}{\376\377\000T\000h\000e\000\040\000r\000o\000l\000e\000\040\000o\000f\000\040\000t\000o\000o\000l\000\040\000u\000s\000e}{section.2.1}% 14
\BOOKMARK [2][-]{subsection.2.1.4}{\376\377\000C\000h\000a\000l\000l\000e\000n\000g\000e\000s\000\040\000i\000n\000\040\000p\000r\000o\000d\000u\000c\000t\000i\000o\000n\000\040\000d\000e\000p\000l\000o\000y\000m\000e\000n\000t}{section.2.1}% 15
\BOOKMARK [1][-]{section.2.2}{\376\377\000O\000r\000c\000h\000e\000s\000t\000r\000a\000t\000i\000o\000n\000\040\000a\000n\000d\000\040\000w\000o\000r\000k\000f\000l\000o\000w\000\040\000e\000n\000g\000i\000n\000e\000s\000\040\000v\000e\000r\000s\000u\000s\000\040\000a\000g\000e\000n\000t\000\040\000f\000r\000a\000m\000e\000w\000o\000r\000k\000s}{chapter.2}% 16
\BOOKMARK [2][-]{subsection.2.2.1}{\376\377\000W\000o\000r\000k\000f\000l\000o\000w\000\040\000o\000r\000c\000h\000e\000s\000t\000r\000a\000t\000i\000o\000n\000\040\000e\000n\000g\000i\000n\000e\000s}{section.2.2}% 17
\BOOKMARK [2][-]{subsection.2.2.2}{\376\377\000A\000g\000e\000n\000t\000-\000o\000r\000i\000e\000n\000t\000e\000d\000\040\000f\000r\000a\000m\000e\000w\000o\000r\000k\000s}{section.2.2}% 18
\BOOKMARK [2][-]{subsection.2.2.3}{\376\377\000F\000u\000l\000l\000-\000s\000t\000a\000c\000k\000\040\000a\000u\000t\000o\000m\000a\000t\000i\000o\000n\000\040\000p\000l\000a\000t\000f\000o\000r\000m\000s}{section.2.2}% 19
\BOOKMARK [1][-]{section.2.3}{\376\377\000T\000o\000o\000l\000\040\000e\000c\000o\000s\000y\000s\000t\000e\000m\000s\000\040\000a\000n\000d\000\040\000g\000o\000v\000e\000r\000n\000a\000n\000c\000e}{chapter.2}% 20
\BOOKMARK [2][-]{subsection.2.3.1}{\376\377\000T\000h\000e\000\040\000g\000o\000v\000e\000r\000n\000a\000n\000c\000e\000\040\000p\000r\000o\000b\000l\000e\000m}{section.2.3}% 21
\BOOKMARK [2][-]{subsection.2.3.2}{\376\377\000T\000h\000e\000\040\000M\000o\000d\000e\000l\000\040\000C\000o\000n\000t\000e\000x\000t\000\040\000P\000r\000o\000t\000o\000c\000o\000l}{section.2.3}% 22
\BOOKMARK [2][-]{subsection.2.3.3}{\376\377\000E\000n\000t\000e\000r\000p\000r\000i\000s\000e\000\040\000e\000x\000t\000e\000n\000s\000i\000o\000n\000s\000\040\000b\000e\000y\000o\000n\000d\000\040\000M\000C\000P}{section.2.3}% 23
\BOOKMARK [1][-]{section.2.4}{\376\377\000N\000a\000t\000u\000r\000a\000l\000-\000l\000a\000n\000g\000u\000a\000g\000e\000\040\000i\000n\000t\000e\000r\000f\000a\000c\000e\000s\000\040\000t\000o\000\040\000g\000r\000a\000p\000h\000s}{chapter.2}% 24
\BOOKMARK [2][-]{subsection.2.4.1}{\376\377\000P\000r\000o\000p\000e\000r\000t\000y\000\040\000g\000r\000a\000p\000h\000s\000\040\000a\000n\000d\000\040\000C\000y\000p\000h\000e\000r}{section.2.4}% 25
\BOOKMARK [2][-]{subsection.2.4.2}{\376\377\000N\000a\000t\000u\000r\000a\000l\000-\000l\000a\000n\000g\000u\000a\000g\000e\000-\000t\000o\000-\000C\000y\000p\000h\000e\000r\000\040\000t\000r\000a\000n\000s\000l\000a\000t\000i\000o\000n}{section.2.4}% 26
\BOOKMARK [2][-]{subsection.2.4.3}{\376\377\000S\000a\000f\000e\000t\000y\000\040\000r\000e\000q\000u\000i\000r\000e\000m\000e\000n\000t\000s\000\040\000f\000o\000r\000\040\000L\000L\000M\000-\000g\000e\000n\000e\000r\000a\000t\000e\000d\000\040\000q\000u\000e\000r\000i\000e\000s}{section.2.4}% 27
\BOOKMARK [2][-]{subsection.2.4.4}{\376\377\000C\000o\000m\000p\000a\000r\000i\000s\000o\000n\000\040\000w\000i\000t\000h\000\040\000r\000e\000t\000r\000i\000e\000v\000a\000l\000-\000a\000u\000g\000m\000e\000n\000t\000e\000d\000\040\000g\000e\000n\000e\000r\000a\000t\000i\000o\000n}{section.2.4}% 28
\BOOKMARK [1][-]{section.2.5}{\376\377\000P\000o\000s\000i\000t\000i\000o\000n\000i\000n\000g\000\040\000a\000n\000d\000\040\000g\000a\000p\000\040\000a\000n\000a\000l\000y\000s\000i\000s}{chapter.2}% 29
\BOOKMARK [2][-]{subsection.2.5.1}{\376\377\000C\000a\000p\000a\000b\000i\000l\000i\000t\000y\000\040\000c\000o\000m\000p\000a\000r\000i\000s\000o\000n}{section.2.5}% 30
\BOOKMARK [2][-]{subsection.2.5.2}{\376\377\000T\000h\000e\000\040\000i\000n\000t\000e\000g\000r\000a\000t\000i\000o\000n\000\040\000g\000a\000p}{section.2.5}% 31
\BOOKMARK [2][-]{subsection.2.5.3}{\376\377\000P\000o\000s\000i\000t\000i\000o\000n\000i\000n\000g\000\040\000o\000f\000\040\000t\000h\000e\000\040\000C\000i\000n\000e\000c\000a\000\040\000A\000g\000e\000n\000t\000i\000c\000\040\000P\000l\000a\000t\000f\000o\000r\000m}{section.2.5}% 32
\BOOKMARK [0][-]{chapter.3}{\376\377\000P\000r\000o\000p\000o\000s\000e\000d\000\040\000S\000o\000l\000u\000t\000i\000o\000n\000:\000\040\000T\000h\000e\000\040\000C\000I\000N\000E\000C\000A\000\040\000A\000g\000e\000n\000t\000i\000c\000\040\000P\000l\000a\000t\000f\000o\000r\000m\000\040\000\050\000C\000A\000P\000\051}{}% 33
\BOOKMARK [1][-]{section.3.1}{\376\377\000R\000e\000q\000u\000i\000r\000e\000m\000e\000n\000t\000s\000\040\000a\000n\000d\000\040\000d\000e\000s\000i\000g\000n\000\040\000g\000o\000a\000l\000s}{chapter.3}% 34
\BOOKMARK [2][-]{subsection.3.1.1}{\376\377\000S\000t\000a\000k\000e\000h\000o\000l\000d\000e\000r\000s}{section.3.1}% 35
\BOOKMARK [2][-]{subsection.3.1.2}{\376\377\000C\000o\000r\000e\000\040\000u\000s\000e\000\040\000c\000a\000s\000e\000s}{section.3.1}% 36
\BOOKMARK [2][-]{subsection.3.1.3}{\376\377\000F\000u\000n\000c\000t\000i\000o\000n\000a\000l\000\040\000r\000e\000q\000u\000i\000r\000e\000m\000e\000n\000t\000s}{section.3.1}% 37
\BOOKMARK [2][-]{subsection.3.1.4}{\376\377\000N\000o\000n\000-\000f\000u\000n\000c\000t\000i\000o\000n\000a\000l\000\040\000r\000e\000q\000u\000i\000r\000e\000m\000e\000n\000t\000s}{section.3.1}% 38
\BOOKMARK [2][-]{subsection.3.1.5}{\376\377\000D\000e\000s\000i\000g\000n\000\040\000p\000r\000i\000n\000c\000i\000p\000l\000e\000s}{section.3.1}% 39
\BOOKMARK [2][-]{subsection.3.1.6}{\376\377\000T\000r\000a\000c\000e\000a\000b\000i\000l\000i\000t\000y}{section.3.1}% 40
\BOOKMARK [1][-]{section.3.2}{\376\377\000S\000y\000s\000t\000e\000m\000\040\000o\000v\000e\000r\000v\000i\000e\000w\000\040\000a\000n\000d\000\040\000c\000o\000r\000e\000\040\000c\000o\000n\000c\000e\000p\000t\000s}{chapter.3}% 41
\BOOKMARK [2][-]{subsection.3.2.1}{\376\377\000T\000h\000r\000e\000e\000-\000l\000a\000y\000e\000r\000\040\000a\000r\000c\000h\000i\000t\000e\000c\000t\000u\000r\000e}{section.3.2}% 42
\BOOKMARK [2][-]{subsection.3.2.2}{\376\377\000C\000o\000r\000e\000\040\000d\000o\000m\000a\000i\000n\000\040\000c\000o\000n\000c\000e\000p\000t\000s}{section.3.2}% 43
\BOOKMARK [1][-]{section.3.3}{\376\377\000E\000x\000e\000c\000u\000t\000i\000o\000n\000\040\000m\000o\000d\000e\000l\000:\000\040\000d\000u\000a\000l\000\040\000w\000o\000r\000k\000f\000l\000o\000w\000s}{chapter.3}% 44
\BOOKMARK [2][-]{subsection.3.3.1}{\376\377\000W\000o\000r\000k\000f\000l\000o\000w\000\040\000A\000:\000\040\000i\000n\000-\000p\000r\000o\000c\000e\000s\000s\000\040\000A\000g\000e\000n\000t\000\040\000R\000u\000n\000s}{section.3.3}% 45
\BOOKMARK [2][-]{subsection.3.3.2}{\376\377\000W\000o\000r\000k\000f\000l\000o\000w\000\040\000B\000:\000\040\000d\000u\000r\000a\000b\000l\000e\000\040\000a\000s\000y\000n\000c\000h\000r\000o\000n\000o\000u\000s\000\040\000J\000o\000b\000s}{section.3.3}% 46
\BOOKMARK [2][-]{subsection.3.3.3}{\376\377\000W\000o\000r\000k\000f\000l\000o\000w\000\040\000c\000o\000m\000p\000a\000r\000i\000s\000o\000n}{section.3.3}% 47
\BOOKMARK [2][-]{subsection.3.3.4}{\376\377\000E\000n\000d\000-\000t\000o\000-\000e\000n\000d\000\040\000r\000e\000q\000u\000e\000s\000t\000\040\000w\000a\000l\000k\000t\000h\000r\000o\000u\000g\000h}{section.3.3}% 48
\BOOKMARK [1][-]{section.3.4}{\376\377\000O\000r\000c\000h\000e\000s\000t\000r\000a\000t\000i\000o\000n\000\040\000e\000n\000g\000i\000n\000e}{chapter.3}% 49
\BOOKMARK [2][-]{subsection.3.4.1}{\376\377\000P\000h\000a\000s\000e\000\040\0001\000:\000\040\000i\000n\000t\000e\000n\000t\000\040\000c\000l\000a\000s\000s\000i\000f\000i\000c\000a\000t\000i\000o\000n}{section.3.4}% 50
\BOOKMARK [2][-]{subsection.3.4.2}{\376\377\000P\000h\000a\000s\000e\000\040\0002\000:\000\040\000p\000l\000a\000n\000\040\000g\000e\000n\000e\000r\000a\000t\000i\000o\000n}{section.3.4}% 51
\BOOKMARK [2][-]{subsection.3.4.3}{\376\377\000P\000h\000a\000s\000e\000\040\0003\000:\000\040\000s\000t\000e\000p\000\040\000e\000x\000e\000c\000u\000t\000i\000o\000n}{section.3.4}% 52
\BOOKMARK [2][-]{subsection.3.4.4}{\376\377\000P\000h\000a\000s\000e\000\040\0004\000:\000\040\000f\000i\000n\000a\000l\000i\000s\000a\000t\000i\000o\000n}{section.3.4}% 53
\BOOKMARK [1][-]{section.3.5}{\376\377\000M\000C\000P\000\040\000t\000o\000o\000l\000\040\000e\000c\000o\000s\000y\000s\000t\000e\000m}{chapter.3}% 54
\BOOKMARK [2][-]{subsection.3.5.1}{\376\377\000T\000o\000o\000l\000\040\000r\000u\000n\000t\000i\000m\000e\000\040\000a\000r\000c\000h\000i\000t\000e\000c\000t\000u\000r\000e}{section.3.5}% 55
\BOOKMARK [2][-]{subsection.3.5.2}{\376\377\000T\000o\000o\000l\000\040\000c\000a\000t\000e\000g\000o\000r\000i\000e\000s}{section.3.5}% 56
\BOOKMARK [2][-]{subsection.3.5.3}{\376\377\000A\000u\000t\000h\000o\000r\000i\000s\000a\000t\000i\000o\000n\000\040\000m\000o\000d\000e\000l}{section.3.5}% 57
\BOOKMARK [2][-]{subsection.3.5.4}{\376\377\000E\000r\000r\000o\000r\000\040\000h\000a\000n\000d\000l\000i\000n\000g}{section.3.5}% 58
\BOOKMARK [1][-]{section.3.6}{\376\377\000N\000L\000-\000t\000o\000-\000C\000y\000p\000h\000e\000r\000\040\000s\000u\000b\000s\000y\000s\000t\000e\000m}{chapter.3}% 59
\BOOKMARK [2][-]{subsection.3.6.1}{\376\377\000S\000t\000a\000g\000e\000\040\0001\000:\000\040\000n\000a\000t\000u\000r\000a\000l\000-\000l\000a\000n\000g\000u\000a\000g\000e\000\040\000n\000o\000r\000m\000a\000l\000i\000s\000a\000t\000i\000o\000n}{section.3.6}% 60
\BOOKMARK [2][-]{subsection.3.6.2}{\376\377\000S\000t\000a\000g\000e\000\040\0002\000:\000\040\000c\000a\000t\000a\000l\000o\000g\000\040\000l\000o\000o\000k\000u\000p}{section.3.6}% 61
\BOOKMARK [2][-]{subsection.3.6.3}{\376\377\000S\000t\000a\000g\000e\000\040\0003\000:\000\040\000L\000L\000M\000-\000b\000a\000s\000e\000d\000\040\000C\000y\000p\000h\000e\000r\000\040\000g\000e\000n\000e\000r\000a\000t\000i\000o\000n}{section.3.6}% 62
\BOOKMARK [2][-]{subsection.3.6.4}{\376\377\000S\000t\000a\000g\000e\000\040\0004\000:\000\040\000s\000a\000f\000e\000t\000y\000\040\000v\000a\000l\000i\000d\000a\000t\000i\000o\000n}{section.3.6}% 63
\BOOKMARK [2][-]{subsection.3.6.5}{\376\377\000S\000t\000a\000g\000e\000\040\0005\000:\000\040\000q\000u\000e\000r\000y\000\040\000e\000x\000e\000c\000u\000t\000i\000o\000n}{section.3.6}% 64
\BOOKMARK [2][-]{subsection.3.6.6}{\376\377\000S\000t\000a\000g\000e\000\040\0006\000:\000\040\000r\000e\000s\000u\000l\000t\000\040\000s\000u\000m\000m\000a\000r\000i\000s\000a\000t\000i\000o\000n}{section.3.6}% 65
\BOOKMARK [2][-]{subsection.3.6.7}{\376\377\000D\000e\000s\000i\000g\000n\000\040\000a\000l\000t\000e\000r\000n\000a\000t\000i\000v\000e\000s\000\040\000c\000o\000n\000s\000i\000d\000e\000r\000e\000d}{section.3.6}% 66
\BOOKMARK [2][-]{subsection.3.6.8}{\376\377\000K\000n\000o\000w\000n\000\040\000l\000i\000m\000i\000t\000a\000t\000i\000o\000n\000s}{section.3.6}% 67
\BOOKMARK [1][-]{section.3.7}{\376\377\000D\000a\000t\000a\000\040\000a\000n\000d\000\040\000s\000t\000a\000t\000e}{chapter.3}% 68
\BOOKMARK [2][-]{subsection.3.7.1}{\376\377\000C\000o\000n\000t\000r\000o\000l\000\040\000p\000l\000a\000n\000e\000:\000\040\000r\000e\000l\000a\000t\000i\000o\000n\000a\000l\000\040\000d\000a\000t\000a\000b\000a\000s\000e}{section.3.7}% 69
\BOOKMARK [2][-]{subsection.3.7.2}{\376\377\000D\000a\000t\000a\000\040\000p\000l\000a\000n\000e\000:\000\040\000i\000n\000-\000m\000e\000m\000o\000r\000y\000\040\000s\000t\000o\000r\000e}{section.3.7}% 70
\BOOKMARK [2][-]{subsection.3.7.3}{\376\377\000R\000e\000l\000a\000t\000i\000o\000n\000s\000h\000i\000p\000\040\000l\000a\000y\000e\000r\000:\000\040\000g\000r\000a\000p\000h\000\040\000d\000a\000t\000a\000b\000a\000s\000e}{section.3.7}% 71
\BOOKMARK [1][-]{section.3.8}{\376\377\000S\000e\000c\000u\000r\000i\000t\000y\000,\000\040\000m\000u\000l\000t\000i\000-\000t\000e\000n\000a\000n\000c\000y\000,\000\040\000a\000n\000d\000\040\000g\000o\000v\000e\000r\000n\000a\000n\000c\000e}{chapter.3}% 72
\BOOKMARK [2][-]{subsection.3.8.1}{\376\377\000E\000i\000g\000h\000t\000-\000s\000t\000a\000g\000e\000\040\000m\000i\000d\000d\000l\000e\000w\000a\000r\000e\000\040\000s\000t\000a\000c\000k}{section.3.8}% 73
\BOOKMARK [2][-]{subsection.3.8.2}{\376\377\000T\000h\000r\000e\000a\000t\000\040\000m\000o\000d\000e\000l}{section.3.8}% 74
\BOOKMARK [2][-]{subsection.3.8.3}{\376\377\000A\000c\000k\000n\000o\000w\000l\000e\000d\000g\000e\000d\000\040\000S\000e\000c\000u\000r\000i\000t\000y\000\040\000L\000i\000m\000i\000t\000a\000t\000i\000o\000n\000s}{section.3.8}% 75
\BOOKMARK [1][-]{section.3.9}{\376\377\000O\000b\000s\000e\000r\000v\000a\000b\000i\000l\000i\000t\000y\000\040\000a\000n\000d\000\040\000o\000p\000e\000r\000a\000t\000i\000o\000n\000a\000l\000\040\000r\000e\000a\000d\000i\000n\000e\000s\000s}{chapter.3}% 76
\BOOKMARK [2][-]{subsection.3.9.1}{\376\377\000M\000e\000t\000r\000i\000c\000s}{section.3.9}% 77
\BOOKMARK [2][-]{subsection.3.9.2}{\376\377\000S\000t\000r\000u\000c\000t\000u\000r\000e\000d\000\040\000l\000o\000g\000g\000i\000n\000g}{section.3.9}% 78
\BOOKMARK [2][-]{subsection.3.9.3}{\376\377\000D\000i\000s\000t\000r\000i\000b\000u\000t\000e\000d\000\040\000t\000r\000a\000c\000i\000n\000g}{section.3.9}% 79
\BOOKMARK [2][-]{subsection.3.9.4}{\376\377\000H\000e\000a\000l\000t\000h\000\040\000p\000r\000o\000b\000e\000s}{section.3.9}% 80
\BOOKMARK [2][-]{subsection.3.9.5}{\376\377\000S\000e\000r\000v\000i\000c\000e\000-\000l\000e\000v\000e\000l\000\040\000o\000b\000j\000e\000c\000t\000i\000v\000e\000s}{section.3.9}% 81
\BOOKMARK [1][-]{section.3.10}{\376\377\000D\000e\000s\000i\000g\000n\000\040\000t\000r\000a\000d\000e\000-\000o\000f\000f\000s\000\040\000s\000u\000m\000m\000a\000r\000y}{chapter.3}% 82
\BOOKMARK [0][-]{chapter.4}{\376\377\000T\000e\000s\000t\000s\000\040\000\050\000E\000v\000a\000l\000u\000a\000t\000i\000o\000n\000\040\000M\000e\000t\000h\000o\000d\000o\000l\000o\000g\000y\000\051}{}% 83
\BOOKMARK [1][-]{section.4.1}{\376\377\000E\000x\000p\000e\000r\000i\000m\000e\000n\000t\000a\000l\000\040\000s\000e\000t\000u\000p\000\040\000a\000n\000d\000\040\000r\000e\000p\000r\000o\000d\000u\000c\000i\000b\000i\000l\000i\000t\000y}{chapter.4}% 84
\BOOKMARK [2][-]{subsection.4.1.1}{\376\377\000T\000e\000s\000t\000\040\000e\000n\000v\000i\000r\000o\000n\000m\000e\000n\000t}{section.4.1}% 85
\BOOKMARK [2][-]{subsection.4.1.2}{\376\377\000T\000e\000s\000t\000\040\000s\000u\000i\000t\000e\000\040\000o\000v\000e\000r\000v\000i\000e\000w}{section.4.1}% 86
\BOOKMARK [2][-]{subsection.4.1.3}{\376\377\000W\000o\000r\000k\000l\000o\000a\000d\000\040\000d\000e\000f\000i\000n\000i\000t\000i\000o\000n}{section.4.1}% 87
\BOOKMARK [2][-]{subsection.4.1.4}{\376\377\000R\000i\000g\000o\000r\000\040\000c\000o\000m\000m\000i\000t\000m\000e\000n\000t}{section.4.1}% 88
\BOOKMARK [2][-]{subsection.4.1.5}{\376\377\000R\000e\000p\000r\000o\000d\000u\000c\000i\000b\000i\000l\000i\000t\000y\000\040\000c\000o\000n\000t\000r\000a\000c\000t}{section.4.1}% 89
\BOOKMARK [1][-]{section.4.2}{\376\377\000E\000v\000a\000l\000u\000a\000t\000i\000o\000n\000\040\000q\000u\000e\000s\000t\000i\000o\000n\000s}{chapter.4}% 90
\BOOKMARK [2][-]{subsection.4.2.1}{\376\377\000F\000u\000n\000c\000t\000i\000o\000n\000a\000l\000-\000c\000o\000m\000p\000l\000e\000t\000e\000n\000e\000s\000s\000\040\000c\000r\000i\000t\000e\000r\000i\000a\000\040\000\050\000E\000C\000-\000F\000C\000\051}{section.4.2}% 91
\BOOKMARK [2][-]{subsection.4.2.2}{\376\377\000P\000e\000r\000f\000o\000r\000m\000a\000n\000c\000e\000\040\000c\000r\000i\000t\000e\000r\000i\000a\000\040\000\050\000E\000C\000-\000P\000F\000\051}{section.4.2}% 92
\BOOKMARK [2][-]{subsection.4.2.3}{\376\377\000S\000e\000c\000u\000r\000i\000t\000y\000\040\000c\000r\000i\000t\000e\000r\000i\000a\000\040\000\050\000E\000C\000-\000S\000E\000\051}{section.4.2}% 93
\BOOKMARK [2][-]{subsection.4.2.4}{\376\377\000R\000e\000l\000i\000a\000b\000i\000l\000i\000t\000y\000\040\000c\000r\000i\000t\000e\000r\000i\000a\000\040\000\050\000E\000C\000-\000R\000E\000\051}{section.4.2}% 94
\BOOKMARK [2][-]{subsection.4.2.5}{\376\377\000O\000b\000s\000e\000r\000v\000a\000b\000i\000l\000i\000t\000y\000\040\000c\000r\000i\000t\000e\000r\000i\000a\000\040\000\050\000E\000C\000-\000O\000B\000\051}{section.4.2}% 95
\BOOKMARK [1][-]{section.4.3}{\376\377\000M\000e\000t\000r\000i\000c\000s}{chapter.4}% 96
\BOOKMARK [1][-]{section.4.4}{\376\377\000T\000e\000s\000t\000\040\000p\000r\000o\000t\000o\000c\000o\000l\000s}{chapter.4}% 97
\BOOKMARK [2][-]{subsection.4.4.1}{\376\377\000F\000u\000n\000c\000t\000i\000o\000n\000a\000l\000\040\000v\000a\000l\000i\000d\000a\000t\000i\000o\000n\000\040\000p\000r\000o\000t\000o\000c\000o\000l}{section.4.4}% 98
\BOOKMARK [2][-]{subsection.4.4.2}{\376\377\000S\000e\000c\000u\000r\000i\000t\000y\000\040\000v\000a\000l\000i\000d\000a\000t\000i\000o\000n\000\040\000p\000r\000o\000t\000o\000c\000o\000l}{section.4.4}% 99
\BOOKMARK [2][-]{subsection.4.4.3}{\376\377\000R\000e\000l\000i\000a\000b\000i\000l\000i\000t\000y\000\040\000a\000n\000d\000\040\000d\000e\000g\000r\000a\000d\000a\000t\000i\000o\000n\000\040\000p\000r\000o\000t\000o\000c\000o\000l}{section.4.4}% 100
\BOOKMARK [2][-]{subsection.4.4.4}{\376\377\000P\000e\000r\000f\000o\000r\000m\000a\000n\000c\000e\000\040\000a\000n\000d\000\040\000l\000o\000a\000d\000\040\000p\000r\000o\000t\000o\000c\000o\000l}{section.4.4}% 101
\BOOKMARK [1][-]{section.4.5}{\376\377\000B\000a\000s\000e\000l\000i\000n\000e\000s\000\040\000a\000n\000d\000\040\000c\000o\000m\000p\000a\000r\000i\000s\000o\000n\000\040\000d\000e\000s\000i\000g\000n}{chapter.4}% 102
\BOOKMARK [2][-]{subsection.4.5.1}{\376\377\000I\000n\000t\000e\000r\000n\000a\000l\000\040\000b\000a\000s\000e\000l\000i\000n\000e\000s}{section.4.5}% 103
\BOOKMARK [2][-]{subsection.4.5.2}{\376\377\000C\000r\000o\000s\000s\000-\000p\000l\000a\000t\000f\000o\000r\000m\000\040\000c\000o\000m\000p\000a\000r\000i\000s\000o\000n\000\040\000d\000e\000s\000i\000g\000n}{section.4.5}% 104
\BOOKMARK [0][-]{chapter.5}{\376\377\000R\000e\000s\000u\000l\000t\000s\000\040\000a\000n\000d\000\040\000D\000i\000s\000c\000u\000s\000s\000i\000o\000n}{}% 105
\BOOKMARK [1][-]{section.5.1}{\376\377\000F\000u\000n\000c\000t\000i\000o\000n\000a\000l\000\040\000r\000e\000s\000u\000l\000t\000s}{chapter.5}% 106
\BOOKMARK [2][-]{subsection.5.1.1}{\376\377\000O\000v\000e\000r\000a\000l\000l\000\040\000t\000e\000s\000t\000\040\000p\000a\000s\000s\000\040\000r\000a\000t\000e}{section.5.1}% 107
\BOOKMARK [2][-]{subsection.5.1.2}{\376\377\000A\000g\000e\000n\000t\000-\000r\000u\000n\000\040\000l\000i\000f\000e\000c\000y\000c\000l\000e\000\040\000\050\000E\000C\000-\000F\000C\000-\0000\0001\000\051}{section.5.1}% 108
\BOOKMARK [2][-]{subsection.5.1.3}{\376\377\000I\000n\000t\000e\000n\000t\000\040\000c\000l\000a\000s\000s\000i\000f\000i\000c\000a\000t\000i\000o\000n\000\040\000\050\000E\000C\000-\000F\000C\000-\0000\0002\000\051}{section.5.1}% 109
\BOOKMARK [2][-]{subsection.5.1.4}{\376\377\000S\000e\000s\000s\000i\000o\000n\000\040\000c\000o\000n\000t\000i\000n\000u\000i\000t\000y\000\040\000\050\000E\000C\000-\000F\000C\000-\0000\0003\000\051}{section.5.1}% 110
\BOOKMARK [2][-]{subsection.5.1.5}{\376\377\000S\000t\000e\000p\000\040\000r\000e\000c\000o\000r\000d\000i\000n\000g\000\040\000\050\000E\000C\000-\000F\000C\000-\0000\0004\000\051}{section.5.1}% 111
\BOOKMARK [2][-]{subsection.5.1.6}{\376\377\000N\000L\000-\000t\000o\000-\000C\000y\000p\000h\000e\000r\000\040\000a\000c\000c\000u\000r\000a\000c\000y\000\040\000\050\000E\000C\000-\000F\000C\000-\0000\0005\000\051}{section.5.1}% 112
\BOOKMARK [2][-]{subsection.5.1.7}{\376\377\000T\000o\000o\000l\000\040\000r\000e\000g\000i\000s\000t\000r\000y\000\040\000\050\000E\000C\000-\000F\000C\000-\0000\0006\000\051}{section.5.1}% 113
\BOOKMARK [2][-]{subsection.5.1.8}{\376\377\000J\000o\000b\000\040\000s\000t\000a\000t\000e\000\040\000m\000a\000c\000h\000i\000n\000e\000\040\000\050\000E\000C\000-\000F\000C\000-\0000\0007\000\051}{section.5.1}% 114
\BOOKMARK [2][-]{subsection.5.1.9}{\376\377\000S\000S\000E\000\040\000e\000v\000e\000n\000t\000\040\000d\000e\000l\000i\000v\000e\000r\000y\000\040\000\050\000E\000C\000-\000F\000C\000-\0000\0008\000\051}{section.5.1}% 115
\BOOKMARK [2][-]{subsection.5.1.10}{\376\377\000A\000P\000I\000-\000c\000o\000n\000t\000r\000a\000c\000t\000\040\000c\000o\000m\000p\000l\000i\000a\000n\000c\000e}{section.5.1}% 116
\BOOKMARK [1][-]{section.5.2}{\376\377\000P\000e\000r\000f\000o\000r\000m\000a\000n\000c\000e\000\040\000r\000e\000s\000u\000l\000t\000s}{chapter.5}% 117
\BOOKMARK [2][-]{subsection.5.2.1}{\376\377\000B\000a\000s\000e\000l\000i\000n\000e\000\040\000l\000a\000t\000e\000n\000c\000y}{section.5.2}% 118
\BOOKMARK [2][-]{subsection.5.2.2}{\376\377\000C\000o\000n\000c\000u\000r\000r\000e\000n\000t\000-\000l\000o\000a\000d\000\040\000p\000e\000r\000f\000o\000r\000m\000a\000n\000c\000e}{section.5.2}% 119
\BOOKMARK [2][-]{subsection.5.2.3}{\376\377\000J\000o\000b\000\040\000q\000u\000e\000u\000e\000-\000t\000o\000-\000s\000t\000a\000r\000t\000\040\000l\000a\000t\000e\000n\000c\000y\000\040\000\050\000E\000C\000-\000P\000F\000-\0000\0005\000\051}{section.5.2}% 120
\BOOKMARK [2][-]{subsection.5.2.4}{\376\377\000R\000e\000s\000o\000u\000r\000c\000e\000\040\000u\000t\000i\000l\000i\000s\000a\000t\000i\000o\000n\000\040\000\050\000E\000C\000-\000P\000F\000-\0000\0007\000\051}{section.5.2}% 121
\BOOKMARK [2][-]{subsection.5.2.5}{\376\377\000A\000b\000l\000a\000t\000i\000o\000n\000\040\000s\000t\000u\000d\000y}{section.5.2}% 122
\BOOKMARK [1][-]{section.5.3}{\376\377\000R\000e\000l\000i\000a\000b\000i\000l\000i\000t\000y\000\040\000r\000e\000s\000u\000l\000t\000s}{chapter.5}% 123
\BOOKMARK [2][-]{subsection.5.3.1}{\376\377\000C\000i\000r\000c\000u\000i\000t\000\040\000b\000r\000e\000a\000k\000e\000r\000\040\000a\000n\000d\000\040\000p\000r\000o\000v\000i\000d\000e\000r\000\040\000f\000a\000l\000l\000b\000a\000c\000k\000\040\000\050\000E\000C\000-\000R\000E\000-\0000\0001\000,\000\040\000E\000C\000-\000R\000E\000-\0000\0002\000,\000\040\000E\000C\000-\000R\000E\000-\0000\0003\000\051}{section.5.3}% 124
\BOOKMARK [2][-]{subsection.5.3.2}{\376\377\000I\000n\000-\000m\000e\000m\000o\000r\000y\000\040\000s\000t\000o\000r\000e\000\040\000u\000n\000a\000v\000a\000i\000l\000a\000b\000i\000l\000i\000t\000y\000\040\000\050\000E\000C\000-\000R\000E\000-\0000\0004\000\051}{section.5.3}% 125
\BOOKMARK [2][-]{subsection.5.3.3}{\376\377\000R\000e\000l\000a\000t\000i\000o\000n\000a\000l\000\040\000d\000a\000t\000a\000b\000a\000s\000e\000\040\000r\000e\000c\000o\000n\000n\000e\000c\000t\000i\000o\000n\000\040\000\050\000E\000C\000-\000R\000E\000-\0000\0005\000\051}{section.5.3}% 126
\BOOKMARK [2][-]{subsection.5.3.4}{\376\377\000G\000r\000a\000p\000h\000\040\000d\000a\000t\000a\000b\000a\000s\000e\000\040\000u\000n\000a\000v\000a\000i\000l\000a\000b\000i\000l\000i\000t\000y\000\040\000\050\000E\000C\000-\000R\000E\000-\0000\0006\000\051}{section.5.3}% 127
\BOOKMARK [2][-]{subsection.5.3.5}{\376\377\000W\000o\000r\000k\000e\000r\000\040\000c\000r\000a\000s\000h\000\040\000a\000n\000d\000\040\000j\000o\000b\000\040\000r\000e\000c\000o\000v\000e\000r\000y\000\040\000\050\000E\000C\000-\000R\000E\000-\0000\0007\000\051}{section.5.3}% 128
\BOOKMARK [2][-]{subsection.5.3.6}{\376\377\000G\000r\000a\000c\000e\000f\000u\000l\000\040\000s\000h\000u\000t\000d\000o\000w\000n\000\040\000\050\000E\000C\000-\000R\000E\000-\0000\0008\000\051}{section.5.3}% 129
\BOOKMARK [1][-]{section.5.4}{\376\377\000S\000e\000c\000u\000r\000i\000t\000y\000\040\000r\000e\000s\000u\000l\000t\000s}{chapter.5}% 130
\BOOKMARK [2][-]{subsection.5.4.1}{\376\377\000A\000u\000t\000h\000e\000n\000t\000i\000c\000a\000t\000i\000o\000n\000\040\000\050\000E\000C\000-\000S\000E\000-\0000\0001\000\051}{section.5.4}% 131
\BOOKMARK [2][-]{subsection.5.4.2}{\376\377\000A\000u\000t\000h\000o\000r\000i\000s\000a\000t\000i\000o\000n\000\040\000a\000n\000d\000\040\000R\000B\000A\000C\000\040\000\050\000E\000C\000-\000S\000E\000-\0000\0002\000\051}{section.5.4}% 132
\BOOKMARK [2][-]{subsection.5.4.3}{\376\377\000T\000e\000n\000a\000n\000t\000\040\000i\000s\000o\000l\000a\000t\000i\000o\000n\000\040\000\050\000E\000C\000-\000S\000E\000-\0000\0003\000\051}{section.5.4}% 133
\BOOKMARK [2][-]{subsection.5.4.4}{\376\377\000P\000I\000I\000\040\000s\000c\000r\000u\000b\000b\000i\000n\000g\000\040\000\050\000E\000C\000-\000S\000E\000-\0000\0004\000\051}{section.5.4}% 134
\BOOKMARK [2][-]{subsection.5.4.5}{\376\377\000I\000n\000j\000e\000c\000t\000i\000o\000n\000\040\000p\000r\000e\000v\000e\000n\000t\000i\000o\000n\000\040\000\050\000E\000C\000-\000S\000E\000-\0000\0005\000\051}{section.5.4}% 135
\BOOKMARK [2][-]{subsection.5.4.6}{\376\377\000R\000a\000t\000e\000\040\000l\000i\000m\000i\000t\000i\000n\000g\000\040\000\050\000E\000C\000-\000S\000E\000-\0000\0006\000\051}{section.5.4}% 136
\BOOKMARK [2][-]{subsection.5.4.7}{\376\377\000O\000u\000t\000p\000u\000t\000\040\000g\000u\000a\000r\000d\000\040\000\050\000E\000C\000-\000S\000E\000-\0000\0007\000\051}{section.5.4}% 137
\BOOKMARK [2][-]{subsection.5.4.8}{\376\377\000A\000u\000d\000i\000t\000\040\000c\000o\000m\000p\000l\000e\000t\000e\000n\000e\000s\000s\000\040\000\050\000E\000C\000-\000S\000E\000-\0000\0008\000,\000\040\000E\000C\000-\000S\000E\000-\0000\0009\000,\000\040\000E\000C\000-\000S\000E\000-\0001\0000\000\051}{section.5.4}% 138
\BOOKMARK [1][-]{section.5.5}{\376\377\000O\000b\000s\000e\000r\000v\000a\000b\000i\000l\000i\000t\000y\000\040\000r\000e\000s\000u\000l\000t\000s}{chapter.5}% 139
\BOOKMARK [1][-]{section.5.6}{\376\377\000C\000o\000m\000p\000a\000r\000a\000t\000i\000v\000e\000\040\000r\000e\000s\000u\000l\000t\000s\000\040\000v\000s\000\040\000b\000a\000s\000e\000l\000i\000n\000e\000s}{chapter.5}% 140
\BOOKMARK [2][-]{subsection.5.6.1}{\376\377\000I\000n\000t\000e\000r\000n\000a\000l\000\040\000b\000a\000s\000e\000l\000i\000n\000e\000s}{section.5.6}% 141
\BOOKMARK [2][-]{subsection.5.6.2}{\376\377\000C\000r\000o\000s\000s\000-\000p\000l\000a\000t\000f\000o\000r\000m\000\040\000c\000o\000m\000p\000a\000r\000i\000s\000o\000n}{section.5.6}% 142
\BOOKMARK [1][-]{section.5.7}{\376\377\000L\000i\000m\000i\000t\000a\000t\000i\000o\000n\000s\000\040\000a\000n\000d\000\040\000t\000h\000r\000e\000a\000t\000s\000\040\000t\000o\000\040\000v\000a\000l\000i\000d\000i\000t\000y}{chapter.5}% 143
\BOOKMARK [2][-]{subsection.5.7.1}{\376\377\000I\000n\000t\000e\000r\000n\000a\000l\000\040\000v\000a\000l\000i\000d\000i\000t\000y}{section.5.7}% 144
\BOOKMARK [2][-]{subsection.5.7.2}{\376\377\000E\000x\000t\000e\000r\000n\000a\000l\000\040\000v\000a\000l\000i\000d\000i\000t\000y}{section.5.7}% 145
\BOOKMARK [2][-]{subsection.5.7.3}{\376\377\000C\000o\000n\000s\000t\000r\000u\000c\000t\000\040\000v\000a\000l\000i\000d\000i\000t\000y}{section.5.7}% 146
\BOOKMARK [2][-]{subsection.5.7.4}{\376\377\000A\000c\000k\000n\000o\000w\000l\000e\000d\000g\000e\000d\000\040\000l\000i\000m\000i\000t\000a\000t\000i\000o\000n\000s\000\040\000o\000f\000\040\000t\000h\000e\000\040\000p\000l\000a\000t\000f\000o\000r\000m}{section.5.7}% 147
\BOOKMARK [0][-]{chapter.6}{\376\377\000C\000o\000n\000c\000l\000u\000s\000i\000o\000n\000s}{}% 148
\BOOKMARK [1][-]{section.6.1}{\376\377\000P\000r\000o\000b\000l\000e\000m\000,\000\040\000s\000o\000l\000u\000t\000i\000o\000n\000,\000\040\000a\000n\000d\000\040\000k\000e\000y\000\040\000r\000e\000s\000u\000l\000t\000s}{chapter.6}% 149
\BOOKMARK [2][-]{subsection.6.1.1}{\376\377\000T\000h\000e\000\040\000p\000r\000o\000b\000l\000e\000m\000\040\000r\000e\000v\000i\000s\000i\000t\000e\000d}{section.6.1}% 150
\BOOKMARK [2][-]{subsection.6.1.2}{\376\377\000W\000h\000a\000t\000\040\000w\000a\000s\000\040\000b\000u\000i\000l\000t}{section.6.1}% 151
\BOOKMARK [2][-]{subsection.6.1.3}{\376\377\000W\000h\000a\000t\000\040\000w\000a\000s\000\040\000m\000e\000a\000s\000u\000r\000e\000d}{section.6.1}% 152
\BOOKMARK [1][-]{section.6.2}{\376\377\000F\000i\000n\000a\000l\000\040\000t\000a\000k\000e\000a\000w\000a\000y\000s}{chapter.6}% 153
\BOOKMARK [0][-]{chapter.7}{\376\377\000F\000u\000t\000u\000r\000e\000\040\000W\000o\000r\000k}{}% 154
\BOOKMARK [1][-]{section.7.1}{\376\377\000W\000o\000r\000k\000f\000l\000o\000w\000\040\000u\000n\000i\000f\000i\000c\000a\000t\000i\000o\000n}{chapter.7}% 155
\BOOKMARK [1][-]{section.7.2}{\376\377\000S\000t\000r\000e\000n\000g\000t\000h\000e\000n\000i\000n\000g\000\040\000t\000h\000e\000\040\000N\000L\000-\000t\000o\000-\000C\000y\000p\000h\000e\000r\000\040\000p\000i\000p\000e\000l\000i\000n\000e}{chapter.7}% 156
\BOOKMARK [1][-]{section.7.3}{\376\377\000E\000x\000t\000e\000n\000d\000i\000n\000g\000\040\000a\000g\000e\000n\000t\000\040\000c\000a\000p\000a\000b\000i\000l\000i\000t\000i\000e\000s}{chapter.7}% 157
\BOOKMARK [1][-]{section.7.4}{\376\377\000I\000n\000f\000r\000a\000s\000t\000r\000u\000c\000t\000u\000r\000e\000\040\000h\000a\000r\000d\000e\000n\000i\000n\000g}{chapter.7}% 158
\BOOKMARK [1][-]{section.7.5}{\376\377\000D\000e\000e\000p\000e\000r\000\040\000e\000v\000a\000l\000u\000a\000t\000i\000o\000n}{chapter.7}% 159
\BOOKMARK [0][-]{appendix*.96}{\376\377\000A\000p\000p\000e\000n\000d\000i\000c\000e\000s}{}% 160
\BOOKMARK [1][-]{section.Alph0.1}{\376\377\000F\000u\000l\000l\000\040\000t\000o\000o\000l\000\040\000i\000n\000v\000e\000n\000t\000o\000r\000y}{appendix*.96}% 161
\BOOKMARK [1][-]{section.Alph0.2}{\376\377\000A\000P\000I\000\040\000c\000a\000t\000a\000l\000o\000g}{appendix*.96}% 162
\BOOKMARK [1][-]{section.Alph0.3}{\376\377\000L\000i\000f\000e\000c\000y\000c\000l\000e\000\040\000s\000t\000a\000t\000e\000\040\000m\000a\000c\000h\000i\000n\000e\000s}{appendix*.96}% 163
\BOOKMARK [1][-]{section.Alph0.4}{\376\377\000E\000x\000t\000e\000n\000d\000e\000d\000\040\000t\000a\000b\000l\000e\000s}{appendix*.96}% 164
\BOOKMARK [1][-]{section.Alph0.5}{\376\377\000R\000e\000p\000r\000o\000d\000u\000c\000i\000b\000i\000l\000i\000t\000y\000\040\000n\000o\000t\000e\000s}{appendix*.96}% 165
